[pegasustl.com/index.html]
[backblue.gif]
[fade.gif]
[index.html]
[pegasustl.com/lib/bootstrap/css/bootstrap.min.css]
[pegasustl.com/lib/font-awesome/css/font-awesome.min.css]
[pegasustl.com/lib/animate/aos.css]
[pegasustl.com/lib/owl/owl.carousel.min.css]
[pegasustl.com/lib/viewbox/viewbox.css]
[pegasustl.com/lib/slider/css/style.css]
[pegasustl.com/lib/slider/css/jquery.carousel-line-arrow.css]
[pegasustl.com/css/style.css]
[pegasustl.com/images/pegasus_logo_black.png]
[pegasustl.com/products.html]
[pegasustl.com/images/slider_bg_one.jpg]
[pegasustl.com/images/pegasus_web_lighter.png]
[pegasustl.com/images/slider_bg_two.jpg]
[pegasustl.com/images/slider_bg_three.jpg]
[pegasustl.com/images/slider_bg_foure.jpg]
[pegasustl.com/images/slider_bg_five.jpg]
[pegasustl.com/images/about.png]
[pegasustl.com/about.html]
[pegasustl.com/images/poster.png]
[pegasustl.com/images/Capexil_1.png]
[pegasustl.com/images/FIEO_2.png]
[pegasustl.com/images/andra_chamber_of_commerce_3.png]
[pegasustl.com/lib/jquery/jquery-migrate.min.js]
[pegasustl.com/lib/jquery/jquery.min.js]
[pegasustl.com/lib/popper/popper.min.js]
[pegasustl.com/lib/bootstrap/js/bootstrap.min.js]
[pegasustl.com/js/ajax.js]
[pegasustl.com/lib/easing/easing.min.js]
[pegasustl.com/lib/counterup/jquery.counterup.js]
[pegasustl.com/lib/animate/aos.js]
[pegasustl.com/lib/viewbox/jquery.viewbox.min.js]
[pegasustl.com/lib/owl/owl.carousel.min.js]
[pegasustl.com/js/jquery.validate.min.js]
[pegasustl.com/js/jquery.animateTyping.js]
[pegasustl.com/lib/slider/js/jquery.carousel-line-arrow.js]
[pegasustl.com/lib/slider/js/main.js]
[pegasustl.com/index.html]
[pegasustl.com/lib/bootstrap/css/bootstrap.min.css]
[pegasustl.com/js/main.js]
[pegasustl.com/lib/font-awesome/fonts/fontawesome-webfont3e6e.eot]
[pegasustl.com/lib/font-awesome/fonts/fontawesome-webfontd41d.eot]
[pegasustl.com/lib/font-awesome/fonts/fontawesome-webfont3e6e.woff2]
[pegasustl.com/lib/font-awesome/fonts/fontawesome-webfont3e6e.woff]
[pegasustl.com/lib/font-awesome/fonts/fontawesome-webfont3e6e.ttf]
[pegasustl.com/lib/font-awesome/css/font-awesome.min.css]
[pegasustl.com/lib/animate/aos.css]
[pegasustl.com/lib/owl/owl.carousel.min.css]
[pegasustl.com/lib/viewbox/viewbox.css]
[pegasustl.com/css/slider.html]
[pegasustl.com/lib/slider/css/style.css]
[pegasustl.com/lib/slider/css/jquery.carousel-line-arrow.css]
[pegasustl.com/fonts/Montserrat-Regular.ttf]
[pegasustl.com/fonts/OpenSans-Regular.ttf]
[pegasustl.com/css/style.css]
[pegasustl.com/products.html]
[pegasustl.com/images/slider_bg_three.jpg]
[pegasustl.com/images/slider_bg_foure.jpg]
[pegasustl.com/images/slider_bg_five.jpg]
[pegasustl.com/images/about.png]
[pegasustl.com/about.html]
[pegasustl.com/lib/font-awesome/fonts/fontawesome-webfont3e6e.svg]
[pegasustl.com/lib/owl/owl.video.play.html]
[pegasustl.com/image/pattern1.html]
